// Jest Snapshot v1, https://goo.gl/fbAQLP

exports[`Divider component Divider snapshot test 1`] = `
<View
  style={
    Array [
      Object {
        "backgroundColor": "#65a1dd",
        "height": 1,
        "width": 750,
      },
      undefined,
    ]
  }
/>
`;
