// Jest Snapshot v1, https://goo.gl/fbAQLP

exports[`NewsItemComponent component NewsItemComponent snapshot test 1`] = `
Array [
  <View
    onPress={[Function]}
    style={
      Object {
        "justifyContent": "center",
        "padding": 10,
        "width": "100%",
        "zIndex": 10,
      }
    }
  >
    <View
      style={
        Object {
          "flexDirection": "row",
          "justifyContent": "flex-start",
          "marginBottom": 10,
          "width": "100%",
        }
      }
    >
      <Image
        source={
          Object {
            "uri": "https",
          }
        }
        style={
          Array [
            Object {
              "borderColor": "#65a1dd",
              "borderRadius": 10,
              "borderWidth": 1,
              "height": 187.5,
              "marginRight": 10,
              "resizeMode": "cover",
              "width": 225,
            },
            undefined,
          ]
        }
      />
      <Text
        style={
          Object {
            "color": "#65a1dd",
            "fontSize": 30,
            "fontWeight": "bold",
            "textAlign": "justify",
            "width": 450,
          }
        }
      >
        test title
      </Text>
    </View>
    <View
      style={
        Object {
          "marginBottom": 10,
          "width": "90%",
        }
      }
    >
      <Text
        style={
          Object {
            "fontSize": 22.5,
            "fontWeight": "200",
            "textAlign": "justify",
          }
        }
      >
        Lorem ipsum dolor sit amet
      </Text>
    </View>
    <View
      accessible={true}
      collapsable={false}
      focusable={true}
      nativeID="animatedComponent"
      onClick={[Function]}
      onResponderGrant={[Function]}
      onResponderMove={[Function]}
      onResponderRelease={[Function]}
      onResponderTerminate={[Function]}
      onResponderTerminationRequest={[Function]}
      onStartShouldSetResponder={[Function]}
      style={
        Object {
          "opacity": 1,
          "width": "90%",
        }
      }
    >
      <Text
        style={
          Object {
            "fontSize": 20.5,
            "fontWeight": "200",
            "textAlign": "justify",
            "textDecorationLine": "underline",
          }
        }
      >
        https
      </Text>
    </View>
    <View
      style={
        Object {
          "marginTop": 10,
          "width": "90%",
        }
      }
    >
      <Text
        style={
          Object {
            "color": "#65a1dd",
            "fontSize": 20.5,
            "fontWeight": "800",
            "textAlign": "justify",
          }
        }
      >
        Author: 
        Ben Hur
      </Text>
    </View>
    <View
      style={
        Object {
          "marginBottom": 10,
          "width": "90%",
        }
      }
    >
      <Text
        style={
          Object {
            "fontSize": 20.5,
            "fontWeight": "300",
          }
        }
      >
        Published at: 
        22/08/2021 19:52
      </Text>
    </View>
  </View>,
  <View
    style={
      Array [
        Object {
          "backgroundColor": "#65a1dd",
          "height": 1,
          "width": 750,
        },
        Object {
          "alignSelf": "center",
          "width": 675,
        },
      ]
    }
  />,
]
`;
